[36mvite v8.0.0 [32mbuilding client environment for production...[36m[39m
[2K
transforming...Ô£ô 1781 modules transformed.
rendering chunks...
node.exe : 
[31mÔ£ù[39m Build 
failed in 274ms
No linha:1 caractere:1
+ & "C:\Program Files\
nodejs/node.exe" 
"C:\Program 
Files\nodejs/node_mo 
...
+ ~~~~~~~~~~~~~~~~~~~~
~~~~~~~~~~~~~~~~~~~~~~
~~~~~~~~~~~~~~~~~~~~~~
~~~~~
    + CategoryInfo    
          : NotSpeci  
  fied: ([31mÔ£ù[   
 39m Build failed     
in 274ms:String)     
[], RemoteExcepti    
on
    + FullyQualifiedE 
   rrorId : NativeCo  
  mmandError
 
[31merror during 
build:
[31mBuild failed 
with 5 errors:

[31m[MISSING_EXPORT] 
Error:[0m "UserRole" 
is not exported by 
"src/types/user.ts".
   [38;5;246mÔò¡[0m
[38;5;246mÔöÇ[0m[38;
5;246m[[0m src/compon
ents/RequireAuth.tsx:4
:10 [38;5;246m][0m
   [38;5;246mÔöé[0m
 [38;5;246m4 Ôöé[0m 
[38;5;249mi[0m[38;5
;249mm[0m[38;5;249mp
[0m[38;5;249mo[0m[
38;5;249mr[0m[38;5;2
49mt[0m[38;5;249m [
0m[38;5;249m{[0m[38
;5;249m [0mUserRole[
38;5;249m [0m[38;5;2
49m}[0m[38;5;249m [
0m[38;5;249mf[0m[38
;5;249mr[0m[38;5;249
mo[0m[38;5;249mm[0m
[38;5;249m [0m[38;5
;249m"[0m[38;5;249m.
[0m[38;5;249m.[0m[
38;5;249m/[0m[38;5;2
49mt[0m[38;5;249my[
0m[38;5;249mp[0m[38
;5;249me[0m[38;5;249
ms[0m[38;5;249m/[0m
[38;5;249mu[0m[38;5
;249ms[0m[38;5;249me
[0m[38;5;249mr[0m[
38;5;249m"[0m[38;5;2
49m;[0m
 [38;5;240m  Ôöé[0m 
         ÔöÇÔöÇÔöÇÔöÇÔ
ö¼ÔöÇÔöÇÔöÇ  
 [38;5;240m  Ôöé[0m 
             
Ôò░ÔöÇÔöÇÔöÇÔöÇÔöÇ 
Missing export
[38;5;246mÔöÇÔöÇÔöÇÔò
»[0m

[31m[MISSING_EXPORT] 
Error:[0m 
"AvatarProfile" is 
not exported by 
"src/types/avatar.ts".
   [38;5;246mÔò¡[0m
[38;5;246mÔöÇ[0m[38;
5;246m[[0m src/compon
ents/AvatarPreview.tsx
:4:10 [38;5;246m][0m
   [38;5;246mÔöé[0m
 [38;5;246m4 Ôöé[0m 
[38;5;249mi[0m[38;5
;249mm[0m[38;5;249mp
[0m[38;5;249mo[0m[
38;5;249mr[0m[38;5;2
49mt[0m[38;5;249m [
0m[38;5;249m{[0m[38
;5;249m [0mAvatarProf
ile[38;5;249m,[0m[3
8;5;249m [0m[38;5;24
9mA[0m[38;5;249mv[0
m[38;5;249ma[0m[38;
5;249mt[0m[38;5;249m
a[0m[38;5;249mr[0m
[38;5;249mL[0m[38;5;
249ma[0m[38;5;249my
[0m[38;5;249me[0m[3
8;5;249mr[0m[38;5;24
9m [0m[38;5;249m}[0
m[38;5;249m [0m[38;
5;249mf[0m[38;5;249m
r[0m[38;5;249mo[0m
[38;5;249mm[0m[38;5;
249m [0m[38;5;249m"
[0m[38;5;249m.[0m[3
8;5;249m.[0m[38;5;24
9m/[0m[38;5;249mt[0
m[38;5;249my[0m[38;
5;249mp[0m[38;5;249m
e[0m[38;5;249ms[0m
[38;5;249m/[0m[38;5;
249ma[0m[38;5;249mv
[0m[38;5;249ma[0m[3
8;5;249mt[0m[38;5;24
9ma[0m[38;5;249mr[0
m[38;5;249m"[0m[38;
5;249m;[0m
 [38;5;240m  Ôöé[0m 
         ÔöÇÔöÇÔöÇÔöÇÔ
öÇÔöÇÔö¼ÔöÇÔöÇÔöÇÔöÇÔö
ÇÔöÇ  
 [38;5;240m  Ôöé[0m 
               Ôò░ÔöÇÔ
öÇÔöÇÔöÇÔöÇÔöÇÔöÇÔöÇ 
Missing export
[38;5;246mÔöÇÔöÇÔöÇÔò
»[0m

[31m[MISSING_EXPORT] 
Error:[0m 
"AvatarLayer" is not 
exported by 
"src/types/avatar.ts".
   [38;5;246mÔò¡[0m
[38;5;246mÔöÇ[0m[38;
5;246m[[0m src/compon
ents/AvatarPreview.tsx
:4:25 [38;5;246m][0m
   [38;5;246mÔöé[0m
 [38;5;246m4 Ôöé[0m 
[38;5;249mi[0m[38;5
;249mm[0m[38;5;249mp
[0m[38;5;249mo[0m[
38;5;249mr[0m[38;5;2
49mt[0m[38;5;249m [
0m[38;5;249m{[0m[38
;5;249m [0m[38;5;249
mA[0m[38;5;249mv[0m
[38;5;249ma[0m[38;5
;249mt[0m[38;5;249ma
[0m[38;5;249mr[0m[
38;5;249mP[0m[38;5;2
49mr[0m[38;5;249mo[
0m[38;5;249mf[0m[38
;5;249mi[0m[38;5;249
ml[0m[38;5;249me[0m
[38;5;249m,[0m[38;5
;249m [0mAvatarLayer
[38;5;249m [0m[38;5;
249m}[0m[38;5;249m 
[0m[38;5;249mf[0m[3
8;5;249mr[0m[38;5;24
9mo[0m[38;5;249mm[0
m[38;5;249m [0m[38;
5;249m"[0m[38;5;249m
.[0m[38;5;249m.[0m
[38;5;249m/[0m[38;5;
249mt[0m[38;5;249my
[0m[38;5;249mp[0m[3
8;5;249me[0m[38;5;24
9ms[0m[38;5;249m/[0
m[38;5;249ma[0m[38;
5;249mv[0m[38;5;249m
a[0m[38;5;249mt[0m
[38;5;249ma[0m[38;5;
249mr[0m[38;5;249m"
[0m[38;5;249m;[0m
 [38;5;240m  Ôöé[0m 
                      
  ÔöÇÔöÇÔöÇÔöÇÔöÇÔö¼Ôö
ÇÔöÇÔöÇÔöÇÔöÇ  
 [38;5;240m  Ôöé[0m 
                      
       Ôò░ÔöÇÔöÇÔöÇÔöÇ
ÔöÇÔöÇÔöÇ Missing 
export
[38;5;246mÔöÇÔöÇÔöÇÔò
»[0m

[31m[MISSING_EXPORT] 
Error:[0m 
"IAuthRepository" is 
not exported by "src/r
epositories/contracts/
auth.repository.ts".
   [38;5;246mÔò¡[0m
[38;5;246mÔöÇ[0m[38;
5;246m[[0m src/servic
es/auth.service.ts:1:1
0 [38;5;246m][0m
   [38;5;246mÔöé[0m
 [38;5;246m1 Ôöé[0m 
[38;5;249mi[0m[38;5
;249mm[0m[38;5;249mp
[0m[38;5;249mo[0m[
38;5;249mr[0m[38;5;2
49mt[0m[38;5;249m [
0m[38;5;249m{[0m[38
;5;249m [0mIAuthRepos
itory[38;5;249m [0m
[38;5;249m}[0m[38;5;
249m [0m[38;5;249mf
[0m[38;5;249mr[0m[3
8;5;249mo[0m[38;5;24
9mm[0m[38;5;249m [0
m[38;5;249m"[0m[38;
5;249m.[0m[38;5;249m
.[0m[38;5;249m/[0m
[38;5;249mr[0m[38;5;
249me[0m[38;5;249mp
[0m[38;5;249mo[0m[3
8;5;249ms[0m[38;5;24
9mi[0m[38;5;249mt[0
m[38;5;249mo[0m[38;
5;249mr[0m[38;5;249m
i[0m[38;5;249me[0m
[38;5;249ms[0m[38;5;
249m/[0m[38;5;249mc
[0m[38;5;249mo[0m[3
8;5;249mn[0m[38;5;24
9mt[0m[38;5;249mr[0
m[38;5;249ma[0m[38;
5;249mc[0m[38;5;249m
t[0m[38;5;249ms[0m
[38;5;249m/[0m[38;5;
249ma[0m[38;5;249mu
[0m[38;5;249mt[0m[3
8;5;249mh[0m[38;5;24
9m.[0m[38;5;249mr[0
m[38;5;249me[0m[38;
5;249mp[0m[38;5;249m
o[0m[38;5;249ms[0m
[38;5;249mi[0m[38;5;
249mt[0m[38;5;249mo
[0m[38;5;249mr[0m[3
8;5;249my[0m[38;5;24
9m"[0m[38;5;249m;[0
m
 [38;5;240m  Ôöé[0m 
         ÔöÇÔöÇÔöÇÔöÇÔ
öÇÔöÇÔöÇÔö¼ÔöÇÔöÇÔöÇÔö
ÇÔöÇÔöÇÔöÇ  
 [38;5;240m  Ôöé[0m 
                Ôò░ÔöÇ
ÔöÇÔöÇÔöÇÔöÇÔöÇÔöÇÔöÇÔ
öÇ Missing export
[38;5;246mÔöÇÔöÇÔöÇÔò
»[0m

[31m[MISSING_EXPORT] 
Error:[0m "AppUser" 
is not exported by 
"src/types/user.ts".
   [38;5;246mÔò¡[0m
[38;5;246mÔöÇ[0m[38;
5;246m[[0m src/servic
es/auth.service.ts:3:1
0 [38;5;246m][0m
   [38;5;246mÔöé[0m
 [38;5;246m3 Ôöé[0m 
[38;5;249mi[0m[38;5
;249mm[0m[38;5;249mp
[0m[38;5;249mo[0m[
38;5;249mr[0m[38;5;2
49mt[0m[38;5;249m [
0m[38;5;249m{[0m[38
;5;249m [0mAppUser[3
8;5;249m [0m[38;5;24
9m}[0m[38;5;249m [0
m[38;5;249mf[0m[38;
5;249mr[0m[38;5;249m
o[0m[38;5;249mm[0m
[38;5;249m [0m[38;5;
249m"[0m[38;5;249m.
[0m[38;5;249m.[0m[3
8;5;249m/[0m[38;5;24
9mt[0m[38;5;249my[0
m[38;5;249mp[0m[38;
5;249me[0m[38;5;249m
s[0m[38;5;249m/[0m
[38;5;249mu[0m[38;5;
249ms[0m[38;5;249me
[0m[38;5;249mr[0m[3
8;5;249m"[0m[38;5;24
9m;[0m
 [38;5;240m  Ôöé[0m 
         
ÔöÇÔöÇÔöÇÔö¼ÔöÇÔöÇÔöÇ 
 
 [38;5;240m  Ôöé[0m 
            
Ôò░ÔöÇÔöÇÔöÇÔöÇÔöÇ 
Missing export
[38;5;246mÔöÇÔöÇÔöÇÔò
»[0m
[31m
    at aggregateBindin
gErrorsIntoJsError (fi
le:///C:/Users/ivanr/.
gemini/antigravity/scr
atch/impacto-ia/node_m
odules/rolldown/dist/s
hared/error-CP8smW_P.m
js:48:18)
    at 
unwrapBindingResult (f
ile:///C:/Users/ivanr/
.gemini/antigravity/sc
ratch/impacto-ia/node_
modules/rolldown/dist/
shared/error-CP8smW_P.
mjs:18:128)
    at #build (file://
/C:/Users/ivanr/.gemin
i/antigravity/scratch/
impacto-ia/node_module
s/rolldown/dist/shared
/rolldown-build-4YnQkA
76.mjs:3311:34)
    at async 
buildEnvironment (file
:///C:/Users/ivanr/.ge
mini/antigravity/scrat
ch/impacto-ia/node_mod
ules/vite/dist/node/ch
unks/node.js:32794:64)
    at async 
Object.build (file:///
C:/Users/ivanr/.gemini
/antigravity/scratch/i
mpacto-ia/node_modules
/vite/dist/node/chunks
/node.js:33216:19)
    at async 
Object.buildApp (file:
///C:/Users/ivanr/.gem
ini/antigravity/scratc
h/impacto-ia/node_modu
les/vite/dist/node/chu
nks/node.js:33213:153)
    at async 
CAC.<anonymous> (file:
///C:/Users/ivanr/.gem
ini/antigravity/scratc
h/impacto-ia/node_modu
les/vite/dist/node/cli
.js:778:3) {
  errors: 
[Getter/Setter]
}[39m
